Starting org.bukkit.craftbukkit.Main
2026-08-26T20:15:32.565254500Z ServerMain WARN Advanced terminal features are not available in this environment
[04:15:32 INFO]: [bootstrap] Running Java 21 (Java HotSpot(TM) 64-Bit Server VM 21.0.10+8-LTS-217; Oracle Corporation null) on Windows 11 10.0 (amd64)
[04:15:32 INFO]: [bootstrap] Loading Paper 1.21.11-132-ver/1.21.11@c5eb079 (2026-05-11T11:43:09Z) for Minecraft 1.21.11
[04:15:33 WARN]: [oshi.driver.windows.perfmon.PerfmonDisabled] Invalid registry value type detected for PerfOS counters. Should be REG_DWORD. Ignoring: HKEY_LOCAL_MACHINE\SYSTEM\CurrentControlSet\Services\PerfOS\Performance\Disable Performance Counters.
[04:15:33 INFO]: [PluginInitializerManager] Initializing plugins...
[04:15:34 INFO]: [PluginInitializerManager] Initialized 1 plugin
[04:15:34 INFO]: [PluginInitializerManager] Bukkit plugins (1):
 - Slimefun (5.1.1)
[04:15:39 INFO]: Environment: Environment[sessionHost=https://sessionserver.mojang.com, servicesHost=https://api.minecraftservices.com, profilesHost=https://api.mojang.com, name=PROD]
[04:15:39 INFO]: Found new data pack file/bukkit, loading it automatically
[04:15:39 INFO]: Found new data pack paper, loading it automatically
[04:15:40 INFO]: No existing world data, creating new world
[04:15:41 INFO]: Loaded 1470 recipes
[04:15:41 INFO]: Loaded 1584 advancements
[04:15:41 INFO]: [ca.spottedleaf.dataconverter.minecraft.datatypes.MCTypeRegistry] Initialising converters for DataConverter...
[04:15:41 INFO]: [ca.spottedleaf.dataconverter.minecraft.datatypes.MCTypeRegistry] Finished initialising converters for DataConverter in 344.8ms
[04:15:41 INFO]: Starting minecraft server version 1.21.11
[04:15:41 INFO]: Loading properties
[04:15:41 INFO]: This server is running Paper version 1.21.11-132-ver/1.21.11@c5eb079 (2026-05-11T11:43:09Z) (Implementing API version 1.21.11-R0.1-SNAPSHOT)
[04:15:41 INFO]: [spark] This server bundles the spark profiler. For more information please visit https://docs.papermc.io/paper/profiling
[04:15:41 INFO]: Server Ping Player Sample Count: 12
[04:15:41 INFO]: Using 4 threads for Netty based IO
[04:15:42 INFO]: [MoonriseCommon] Paper is using 8 worker threads, 1 I/O threads
[04:15:42 INFO]: Default game type: SURVIVAL
[04:15:42 INFO]: Generating keypair
[04:15:42 INFO]: Starting Minecraft server on *:25565
[04:15:42 INFO]: Paper: Using Java compression from Velocity.
[04:15:42 INFO]: Paper: Using Java cipher from Velocity.
[04:15:43 INFO]: [Slimefun] Loading server plugin Slimefun v5.1.1
[04:15:43 INFO]: Server permissions file permissions.yml is empty, ignoring it
[04:15:43 WARN]: **** SERVER IS RUNNING IN OFFLINE/INSECURE MODE!
[04:15:43 WARN]: The server will make no attempt to authenticate usernames. Beware.
[04:15:43 WARN]: While this makes the game possible to play without internet access, it also opens up the ability for hackers to connect with any username they choose.
[04:15:43 WARN]: To change this, set "online-mode" to "true" in the server.properties file.
[04:15:43 INFO]: Preparing level "world"
[04:15:44 INFO]: Selecting spawn point for world 'minecraft:overworld'...
[04:15:44 INFO]: Selecting spawn point for world 'minecraft:the_nether'...
[04:15:44 INFO]: Selecting spawn point for world 'minecraft:the_end'...
[04:15:44 INFO]: Loading 0 persistent chunks for world 'minecraft:overworld'...
[04:15:44 INFO]: Preparing spawn area: 100%
[04:15:44 INFO]: Prepared spawn area in 739 ms
[04:15:44 INFO]: Loading 0 persistent chunks for world 'minecraft:the_nether'...
[04:15:44 INFO]: Preparing spawn area: 100%
[04:15:44 INFO]: Prepared spawn area in 513 ms
[04:15:44 INFO]: Loading 0 persistent chunks for world 'minecraft:the_end'...
[04:15:44 INFO]: Preparing spawn area: 100%
[04:15:44 INFO]: Prepared spawn area in 19 ms
[04:15:44 INFO]: Done preparing level "world" (1.427s)
[04:15:44 INFO]: [Slimefun] Enabling Slimefun v5.1.1
[04:15:44 INFO]: [Slimefun] Paper was detected! Performance optimizations have been applied.
[04:15:44 INFO]: [Slimefun] Creating directories...
[04:15:44 INFO]: [Slimefun] Loading language files...
[04:15:44 INFO]: Environment: Environment[sessionHost=https://sessionserver.mojang.com, servicesHost=https://api.minecraftservices.com, profilesHost=https://api.mojang.com, name=PROD]
[04:15:45 INFO]: [Slimefun] Loaded language "zh-CN"
[04:15:45 INFO]: [Slimefun] Available languages: en, de, fr, it, es, ru, pl, uk, sv, nl, da, cs, ro, bg, pt, pt-BR, hu, lv, sk, vi, id, zh-CN, zh-TW, ja, ko, he, ar, tr, fa, th, tl
[04:15:45 INFO]: [Slimefun] Using legacy storage for player data
[04:15:45 INFO]: [Slimefun] Loading GEO-Resources...
[04:15:45 INFO]: [Slimefun] Loading Tags...
[04:15:45 INFO]: [Slimefun] Loading items...
[04:15:46 INFO]: [Slimefun] Loading researches...
[04:15:46 INFO]: [Slimefun] Loading Wiki pages...
[04:15:46 INFO]: [Slimefun] Registering listeners...
[04:15:46 INFO]: [Slimefun] Loading Third-Party plugin integrations...
[04:15:46 INFO]: [Slimefun] Slimefun has finished loading in 1.96s
[04:15:46 INFO]: [spark] Starting background profiler...
[04:15:46 INFO]: [spark] The async-profiler engine is not supported for your os/arch (windows11/amd64), so the built-in Java engine will be used instead.
[04:15:46 INFO]: Starting remote control listener
[04:15:46 INFO]: Thread RCON Listener started
[04:15:46 INFO]: RCON running on 0.0.0.0:25575
[04:15:46 INFO]: Running delayed init tasks
[04:15:46 INFO]: [Slimefun] Collecting Snapshots of all Recipes...
[04:15:47 INFO]: [Slimefun] Found 1,470 Recipes!
[04:15:47 INFO]: 
[04:15:47 INFO]: [38;5;10m######################### - Slimefun v5.1.1 - #########################[0m
[04:15:47 INFO]: 
[04:15:47 INFO]: [38;5;10mSuccessfully loaded 555 Items and 258 Researches[0m
[04:15:47 INFO]: [38;5;10m( 555 Items from Slimefun, 0 Items from 0 Addons )[0m
[04:15:47 INFO]: 
[04:15:47 INFO]: [38;5;10mSlimefun is an Open-Source project that is kept alive by a large community.[0m
[04:15:47 INFO]: [38;5;10mConsider helping us maintain this project by contributing on GitHub![0m
[04:15:47 INFO]: [38;5;10m - UNOFFICIALLY MODIFIED BUILD - NO OFFICIAL SUPPORT GIVEN[0m
[04:15:47 INFO]: 
[04:15:47 INFO]: [Slimefun] Loading Blocks for World "world"
[04:15:47 INFO]: [Slimefun] This may take a long time...
[04:15:47 INFO]: [Slimefun] Loading Blocks... 100% (FINISHED - 0ms)
[04:15:47 INFO]: [Slimefun] Loaded a total of 0 Blocks for World "world"
[04:15:47 INFO]: [Slimefun] Loading Blocks for World "world_nether"
[04:15:47 INFO]: [Slimefun] This may take a long time...
[04:15:47 INFO]: [Slimefun] Loading Blocks... 100% (FINISHED - 0ms)
[04:15:47 INFO]: [Slimefun] Loaded a total of 0 Blocks for World "world_nether"
[04:15:47 INFO]: [Slimefun] Loading Blocks for World "world_the_end"
[04:15:47 INFO]: [Slimefun] This may take a long time...
[04:15:47 INFO]: [Slimefun] Loading Blocks... 100% (FINISHED - 1ms)
[04:15:47 INFO]: [Slimefun] Loaded a total of 0 Blocks for World "world_the_end"
[04:15:47 INFO]: [dough: protection] Loading Protection Modules...
[04:15:47 INFO]: [dough: protection] This may happen more than once.
[04:15:47 INFO]: Done (15.673s)! For help, type "help"
[04:15:48 WARN]: *************************************************************************************
[04:15:48 WARN]: You are running the latest build for your Minecraft version (1.21.11)
[04:15:48 WARN]: However, you are 4 release(s) behind the latest stable release (26.2)!
[04:15:48 WARN]: It is recommended that you update as soon as possible
[04:15:48 WARN]: https://papermc.io/downloads/paper
[04:15:48 WARN]: *************************************************************************************
[04:17:06 INFO]: Thread RCON Client /127.0.0.1 started
[04:17:07 INFO]: UUID of player AuditBot is 2dae2853-f5fb-3da7-a4d1-91d2a6bdd60f
[04:17:10 INFO]: [38;5;11mAuditBot joined the game[0m
[04:17:10 INFO]: AuditBot[/127.0.0.1:3314] logged in with entity id 29 at ([world]-4.5, 67.0, -7.5)
[04:17:10 INFO]: [3m[38;5;7m[Rcon: Set the weather to clear][0m
[04:17:10 INFO]: [3m[38;5;7m[Rcon: Set the time to 6000][0m
[04:17:10 INFO]: [3m[38;5;7m[Rcon: Teleported AuditBot to 0.500000, 102.500000, 0.500000][0m
[04:17:11 INFO]: [3m[38;5;7m[Rcon: Successfully filled 1125 block(s)][0m
[04:17:11 INFO]: [3m[38;5;7m[Rcon: Successfully filled 900 block(s)][0m
[04:17:13 WARN]: AuditBot moved too quickly! 0.0,-29.5,0.0
[04:17:18 INFO]: [3m[38;5;7m[Rcon: Teleported AuditBot to 0.500000, 102.000000, -1.500000][0m
[04:17:20 INFO]: [3m[38;5;7m[Rcon: Teleported AuditBot to 1.500000, 102.000000, -1.500000][0m
[04:17:22 INFO]: [3m[38;5;7m[Rcon: Teleported AuditBot to 2.500000, 102.000000, -1.500000][0m
[04:17:23 INFO]: [3m[38;5;7m[Rcon: Teleported AuditBot to 3.500000, 102.000000, -1.500000][0m
[04:17:25 INFO]: [3m[38;5;7m[Rcon: Teleported AuditBot to 2.500000, 102.000000, -0.500000][0m
[04:17:27 INFO]: [Slimefun] Auto-saving block data... (Next auto-save: 1m)
[04:17:27 INFO]: [Slimefun] Saving block data for world "world" (6 change(s) queued)
[04:17:27 INFO]: [Slimefun] Auto-saved all player data for 1 player(s)!
[04:18:07 INFO]: AuditBot lost connection: Disconnected
[04:18:07 INFO]: [38;5;11mAuditBot left the game[0m
[04:18:07 INFO]: Thread RCON Client /127.0.0.1 shutting down
[04:18:18 INFO]: Thread RCON Client /127.0.0.1 started
[04:18:27 INFO]: [Slimefun] Auto-saving block data... (Next auto-save: 1m)
[04:18:27 INFO]: [Slimefun] Saving block data for world "world" (1 change(s) queued)
[04:18:50 INFO]: Thread RCON Client /127.0.0.1 shutting down
[04:19:03 INFO]: Thread RCON Client /127.0.0.1 started
[04:19:03 INFO]: [3m[38;5;7m[Rcon: Marked chunk [0, 0] in minecraft:overworld to be force loaded][0m
[04:19:11 INFO]: [3m[38;5;7m[Rcon: Set the time to 6000][0m
[04:19:11 INFO]: [3m[38;5;7m[Rcon: Set the weather to clear][0m
[04:19:38 INFO]: Thread RCON Client /127.0.0.1 shutting down
